src/components/ui/RequestModal.tsx(65,39): error TS2339: Property 'en' does not exist on type 'string'.
src/components/ui/RequestModal.tsx(95,43): error TS2339: Property 'en' does not exist on type 'string'.
src/components/ui/RequestModal.tsx(156,40): error TS2339: Property 'en' does not exist on type 'string'.
src/components/ui/RequestModal.tsx(202,38): error TS2339: Property 'en' does not exist on type 'string'.
src/components/ui/RequestModal.tsx(228,40): error TS2339: Property 'en' does not exist on type 'string'.
src/components/ui/RequestModal.tsx(253,43): error TS2339: Property 'en' does not exist on type 'string'.
src/pages/Careers.tsx(45,80): error TS2339: Property 'cta' does not exist on type '{ hero: { title: string; subtitle: string; }; intro: string; roles: { title: string; location: string; type: string; desc: string; }[]; }'.
src/pages/Careers.tsx(47,28): error TS2339: Property 'cta' does not exist on type '{ hero: { title: string; subtitle: string; }; intro: string; roles: { title: string; location: string; type: string; desc: string; }[]; }'.
src/pages/Careers.tsx(50,43): error TS2339: Property 'cta' does not exist on type '{ hero: { title: string; subtitle: string; }; intro: string; roles: { title: string; location: string; type: string; desc: string; }[]; }'.
src/pages/Careers.tsx(53,28): error TS2339: Property 'cta' does not exist on type '{ hero: { title: string; subtitle: string; }; intro: string; roles: { title: string; location: string; type: string; desc: string; }[]; }'.
src/pages/Home.tsx(215,22): error TS2304: Cannot find name 'direction'.
src/pages/Home.tsx(215,45): error TS2304: Cannot find name 'ChevronLeft'.
src/pages/Home.tsx(434,14): error TS2304: Cannot find name 'geoTabs'.
src/pages/Home.tsx(468,28): error TS2339: Property 'deployment' does not exist on type '{ hero: { video: string; poster: string; headline: string; subhead: string; eyebrow_us: string; eyebrow_sa: string; cta: { primary: { label: string; path: string; }; }; status: string; }; pillars: { headline: string; subhead: string; items: { ...; }[]; }; governance: { ...; }; cta: { ...; }; }'.
src/pages/Home.tsx(471,28): error TS2339: Property 'deployment' does not exist on type '{ hero: { video: string; poster: string; headline: string; subhead: string; eyebrow_us: string; eyebrow_sa: string; cta: { primary: { label: string; path: string; }; }; status: string; }; pillars: { headline: string; subhead: string; items: { ...; }[]; }; governance: { ...; }; cta: { ...; }; }'.
src/pages/Home.tsx(476,26): error TS2339: Property 'deployment' does not exist on type '{ hero: { video: string; poster: string; headline: string; subhead: string; eyebrow_us: string; eyebrow_sa: string; cta: { primary: { label: string; path: string; }; }; status: string; }; pillars: { headline: string; subhead: string; items: { ...; }[]; }; governance: { ...; }; cta: { ...; }; }'.
src/pages/Home.tsx(528,32): error TS2339: Property 'global' does not exist on type '{ hero: { video: string; poster: string; headline: string; subhead: string; eyebrow_us: string; eyebrow_sa: string; cta: { primary: { label: string; path: string; }; }; status: string; }; pillars: { headline: string; subhead: string; items: { ...; }[]; }; governance: { ...; }; cta: { ...; }; }'.
src/pages/Home.tsx(542,30): error TS2339: Property 'global' does not exist on type '{ hero: { video: string; poster: string; headline: string; subhead: string; eyebrow_us: string; eyebrow_sa: string; cta: { primary: { label: string; path: string; }; }; status: string; }; pillars: { headline: string; subhead: string; items: { ...; }[]; }; governance: { ...; }; cta: { ...; }; }'.
src/pages/Leadership.tsx(28,35): error TS2339: Property 'eyebrow' does not exist on type '{ title: string; subtitle: string; }'.
src/pages/Leadership.tsx(47,26): error TS2339: Property 'team' does not exist on type '{ hero: { title: string; subtitle: string; }; placeholder: string; leaders: { id: string; name: string; title: string; bio: string; linkedin: string; avatar: string; }[]; advisors: { id: string; name: string; desc: string; }[]; }'.
src/pages/Leadership.tsx(50,26): error TS2339: Property 'team' does not exist on type '{ hero: { title: string; subtitle: string; }; placeholder: string; leaders: { id: string; name: string; title: string; bio: string; linkedin: string; avatar: string; }[]; advisors: { id: string; name: string; desc: string; }[]; }'.
src/pages/Leadership.tsx(55,25): error TS2339: Property 'team' does not exist on type '{ hero: { title: string; subtitle: string; }; placeholder: string; leaders: { id: string; name: string; title: string; bio: string; linkedin: string; avatar: string; }[]; advisors: { id: string; name: string; desc: string; }[]; }'.
src/pages/Leadership.tsx(85,20): error TS2551: Property 'advisory' does not exist on type '{ hero: { title: string; subtitle: string; }; placeholder: string; leaders: { id: string; name: string; title: string; bio: string; linkedin: string; avatar: string; }[]; advisors: { id: string; name: string; desc: string; }[]; }'. Did you mean 'advisors'?
src/pages/Leadership.tsx(91,31): error TS2551: Property 'advisory' does not exist on type '{ hero: { title: string; subtitle: string; }; placeholder: string; leaders: { id: string; name: string; title: string; bio: string; linkedin: string; avatar: string; }[]; advisors: { id: string; name: string; desc: string; }[]; }'. Did you mean 'advisors'?
src/pages/Leadership.tsx(95,29): error TS2551: Property 'advisory' does not exist on type '{ hero: { title: string; subtitle: string; }; placeholder: string; leaders: { id: string; name: string; title: string; bio: string; linkedin: string; avatar: string; }[]; advisors: { id: string; name: string; desc: string; }[]; }'. Did you mean 'advisors'?
src/pages/Leadership.tsx(99,30): error TS2551: Property 'advisory' does not exist on type '{ hero: { title: string; subtitle: string; }; placeholder: string; leaders: { id: string; name: string; title: string; bio: string; linkedin: string; avatar: string; }[]; advisors: { id: string; name: string; desc: string; }[]; }'. Did you mean 'advisors'?
src/pages/NationalPrograms.tsx(1,8): error TS2300: Duplicate identifier 'React'.
src/pages/NationalPrograms.tsx(1,17): error TS2300: Duplicate identifier 'useEffect'.
src/pages/NationalPrograms.tsx(1,28): error TS2300: Duplicate identifier 'useState'.
src/pages/NationalPrograms.tsx(2,10): error TS2300: Duplicate identifier 'motion'.
src/pages/NationalPrograms.tsx(4,3): error TS2300: Duplicate identifier 'Shield'.
src/pages/NationalPrograms.tsx(5,3): error TS2300: Duplicate identifier 'Lock'.
src/pages/NationalPrograms.tsx(6,3): error TS2300: Duplicate identifier 'Server'.
src/pages/NationalPrograms.tsx(7,3): error TS2300: Duplicate identifier 'AlertTriangle'.
src/pages/NationalPrograms.tsx(8,3): error TS2300: Duplicate identifier 'ArrowRight'.
src/pages/NationalPrograms.tsx(9,3): error TS2300: Duplicate identifier 'Database'.
src/pages/NationalPrograms.tsx(10,3): error TS2300: Duplicate identifier 'CheckCircle2'.
src/pages/NationalPrograms.tsx(11,3): error TS2300: Duplicate identifier 'Building2'.
src/pages/NationalPrograms.tsx(13,8): error TS2300: Duplicate identifier 'content'.
src/pages/NationalPrograms.tsx(14,10): error TS2300: Duplicate identifier 'cn'.
src/pages/NationalPrograms.tsx(15,8): error TS2300: Duplicate identifier 'RequestModal'.
src/pages/NationalPrograms.tsx(17,6): error TS2300: Duplicate identifier 'ReadinessType'.
src/pages/NationalPrograms.tsx(19,7): error TS2451: Cannot redeclare block-scoped variable 'systemIcons'.
src/pages/NationalPrograms.tsx(41,25): error TS2323: Cannot redeclare exported variable 'default'.
src/pages/NationalPrograms.tsx(41,25): error TS2393: Duplicate function implementation.
src/pages/NationalPrograms.tsx(252,8): error TS2300: Duplicate identifier 'React'.
src/pages/NationalPrograms.tsx(252,17): error TS2300: Duplicate identifier 'useEffect'.
src/pages/NationalPrograms.tsx(252,28): error TS2300: Duplicate identifier 'useState'.
src/pages/NationalPrograms.tsx(253,10): error TS2300: Duplicate identifier 'motion'.
src/pages/NationalPrograms.tsx(255,3): error TS2300: Duplicate identifier 'Shield'.
src/pages/NationalPrograms.tsx(256,3): error TS2300: Duplicate identifier 'Lock'.
src/pages/NationalPrograms.tsx(257,3): error TS2300: Duplicate identifier 'Server'.
src/pages/NationalPrograms.tsx(258,3): error TS2300: Duplicate identifier 'AlertTriangle'.
src/pages/NationalPrograms.tsx(259,3): error TS2300: Duplicate identifier 'ArrowRight'.
src/pages/NationalPrograms.tsx(260,3): error TS2300: Duplicate identifier 'Database'.
src/pages/NationalPrograms.tsx(263,3): error TS2300: Duplicate identifier 'CheckCircle2'.
src/pages/NationalPrograms.tsx(264,3): error TS2300: Duplicate identifier 'Building2'.
src/pages/NationalPrograms.tsx(267,8): error TS2300: Duplicate identifier 'content'.
src/pages/NationalPrograms.tsx(268,10): error TS2300: Duplicate identifier 'cn'.
src/pages/NationalPrograms.tsx(270,8): error TS2300: Duplicate identifier 'RequestModal'.
src/pages/NationalPrograms.tsx(273,6): error TS2300: Duplicate identifier 'ReadinessType'.
src/pages/NationalPrograms.tsx(275,7): error TS2451: Cannot redeclare block-scoped variable 'systemIcons'.
src/pages/NationalPrograms.tsx(282,25): error TS2323: Cannot redeclare exported variable 'default'.
src/pages/NationalPrograms.tsx(282,25): error TS2393: Duplicate function implementation.
src/pages/Solutions.tsx(1,8): error TS2300: Duplicate identifier 'React'.
src/pages/Solutions.tsx(1,17): error TS2300: Duplicate identifier 'useEffect'.
src/pages/Solutions.tsx(227,8): error TS2300: Duplicate identifier 'React'.
src/pages/Solutions.tsx(227,27): error TS2300: Duplicate identifier 'useEffect'.
src/pages/Trust.tsx(28,35): error TS2339: Property 'eyebrow' does not exist on type '{ title: string; subtitle: string; }'.
src/pages/Trust.tsx(47,26): error TS2339: Property 'compliance' does not exist on type '{ hero: { title: string; subtitle: string; }; complianceMatrix: { title: string; intro: string; controlAreas: string[]; frameworks_us: string[]; frameworks_sa: string[]; rows: { area: string; nist: string; ... 4 more ...; sdaia: string; }[]; }; dataResidency: { ...; }; subprocessors: { ...; }; contact: { ...; }; }'.
src/pages/Trust.tsx(50,26): error TS2339: Property 'compliance' does not exist on type '{ hero: { title: string; subtitle: string; }; complianceMatrix: { title: string; intro: string; controlAreas: string[]; frameworks_us: string[]; frameworks_sa: string[]; rows: { area: string; nist: string; ... 4 more ...; sdaia: string; }[]; }; dataResidency: { ...; }; subprocessors: { ...; }; contact: { ...; }; }'.
src/pages/Trust.tsx(55,25): error TS2339: Property 'compliance' does not exist on type '{ hero: { title: string; subtitle: string; }; complianceMatrix: { title: string; intro: string; controlAreas: string[]; frameworks_us: string[]; frameworks_sa: string[]; rows: { area: string; nist: string; ... 4 more ...; sdaia: string; }[]; }; dataResidency: { ...; }; subprocessors: { ...; }; contact: { ...; }; }'.
src/pages/Trust.tsx(87,42): error TS2339: Property 'subtitle' does not exist on type '{ title: string; content: string; options: { label: string; desc: string; }[]; }'.
